{
  "data": {
    "movies": [
      {
        "info": {
          "actors": [
            "Chloe Grace Moretz",
            "Julianne Moore",
            "Judy Greer"
          ],
          "directors": [
            "Kimberly Peirce"
          ],
          "genres": [
            "Drama",
            "Horror"
          ],
          "imageUrl": "http://ia.media-imdb.com/images/M/MV5BMTc1MDIyOTkxN15BMl5BanBnXkFtZTgwMTU1NzEzMDE@._V1_SX400_.jpg",
          "plot": "A reimagining of the classic horror tale about Carrie White, a shy girl outcast by her peers and sheltered by her deeply religious mother, who unleashes telekinetic terror on her small town after being pushed too far at her senior prom.",
          "rank": 31,
          "rating": null,
          "releaseDate": "2013-10-07T00:00:00Z",
          "runningTimeSecs": null
        },
        "title": "Carrie",
        "year": 2013
      }
    ]
  }
}
